
> loropiana-ecommerce@0.1.0 build
> next build

  Γû▓ Next.js 14.2.7
  - Environments: .env.local

   Creating an optimized production build ...
node.exe : 
At line:1 char:1
+ & "C:\Program 
Files\nodejs/node.exe" 
"C:\Program 
Files\nodejs/node_mo ...
+ ~~~~~~~~~~~~~~~~~~~~~~~~
~~~~~~~~~~~~~~~~~~~~~~~~~~
~~~~~~~~~~~~~~~~~~~
    + CategoryInfo        
      : NotSpecified: (:  
  String) [], RemoteExc   
 eption
    + FullyQualifiedError 
   Id : NativeCommandErr  
  or
 
[next-intl] Reading 
request configuration 
from ./src/i18n.ts is 
deprecated, please see htt
ps://next-intl.dev/blog/ne
xt-intl-3-22#i18n-request 
ΓÇö you can either move 
your configuration to 
./i18n/request.ts or 
provide a custom path in 
your Next.js config:

const withNextIntl = 
createNextIntlPlugin(
  './path/to/i18n/request.
tsx'
);

 Γ£ô Compiled successfully
   Linting and checking validity of types ...
Failed to compile.

./src/components/admin/cat
egories/CategoryTable.tsx:
74:81
Type error: Property 
'products' does not exist 
on type 'Category'.

[0m [90m 72 |[39m      
               
[33m<[39m[33mdiv[39m c
lassName[33m=[39m[32m"f
lex items-center 
gap-2"[39m[33m>[39m[0m
[0m [90m 73 |[39m      
                  
[33m<[39m[33mHash[39m 
size[33m=[39m{[35m14[3
9m} className[33m=[39m[
32m"text-muted-foreground"
[39m 
[33m/[39m[33m>[39m[0m
[0m[31m[1m>[22m[39m[
90m 74 |[39m             
           
[33m<[39m[33mspan[39m 
className[33m=[39m[32m"
text-sm font-bold text-for
eground"[39m[33m>[39m{c
at[33m.[39mproducts[33m
?[39m[33m.[39m[[35m0[
39m][33m?[39m[33m.[39m
count [33m||[39m [35m0
[39m}[33m<[39m[33m/[39
m[33mspan[39m[33m>[39m
[0m
[0m [90m    |[39m      
                          
                          
                       
[31m[1m^[22m[39m[0m
[0m [90m 75 |[39m      
               [33m<[39m
[33m/[39m[33mdiv[39m[
33m>[39m[0m
[0m [90m 76 |[39m      
             [33m<[39m[
33m/[39m[33mtd[39m[33m
>[39m[0m
[0m [90m 77 |[39m      
             
[33m<[39m[33mtd[39m cl
assName[33m=[39m[32m"px
-6 py-4 text-right"[39m[
33m>[39m[0m
